// Jest Snapshot v1, https://goo.gl/fbAQLP

exports[`it should render 1`] = `
<Grid
  center={true}
  maxWidth="full"
>
  <Grid
    disableFlex={false}
    noGutters={true}
  >
    <ContentLoader
      height="25px"
      width="100%"
    />
  </Grid>
  <Grid
    disableFlex={false}
    marginBottom={2}
    noGutters={true}
  >
    <Grid
      col={5}
      marginBottom={1}
      marginTop={1}
    >
      <ContentLoader
        height="inherit"
        width="100%"
      />
    </Grid>
    <Grid
      col={2}
      marginBottom={1}
      marginTop={1}
      offset={2}
    >
      <ContentLoader
        height="25px"
        width="100%"
      />
    </Grid>
    <Grid
      col={2}
      marginBottom={1}
      marginTop={1}
      offset={1}
    >
      <ContentLoader
        height="25px"
        width="100%"
      />
    </Grid>
  </Grid>
  <Grid
    disableFlex={false}
    noGutters={true}
  >
    <Grid
      col={5}
    >
      <ContentLoader
        height="25px"
        width="100%"
      />
    </Grid>
    <Grid
      col={5}
      offset={2}
    >
      <ContentLoader
        height="25px"
        width="100%"
      />
    </Grid>
  </Grid>
  <Grid
    disableFlex={false}
    noGutters={true}
  >
    <Grid
      col={4}
    >
      <ContentLoader
        height="25px"
        width="100%"
      />
    </Grid>
    <Grid
      col={2}
      offset={6}
    >
      <ContentLoader
        height="25px"
        width="100%"
      />
    </Grid>
  </Grid>
  <Grid
    disableFlex={false}
    marginBottom={2}
    marginTop={2}
    noGutters={true}
  >
    <ContentLoader
      height="35px"
      heightLg="50px"
      width="100%"
    />
  </Grid>
  <Grid
    align="center"
    disableFlex={false}
    noGutters={false}
  >
    <Grid
      alignSelf="center"
    >
      <ContentLoader
        height="80px"
        width="100%"
      />
    </Grid>
    <Grid>
      <ContentLoader
        height="80px"
        width="100%"
      />
    </Grid>
    <Grid
      alignSelf="center"
    >
      <ContentLoader
        gutters="vertical"
        height="80px"
        width="100%"
      />
    </Grid>
  </Grid>
</Grid>
`;
