// Jest Snapshot v1, https://goo.gl/fbAQLP

exports[`<BasketBundle /> renders correctly for handset 1`] = `
<BasketItem
  broadbandInfo={Object {}}
  dataSpeed={
    Object {
      "key": undefined,
      "message": undefined,
    }
  }
  description={
    Array [
      "3 in 1 SIM",
    ]
  }
  icon="sim"
  iconAppearance="dark"
  isBroadband={false}
  isBundle={true}
  isBusiness={false}
  isHandset={true}
  isPayg={false}
  isSimo={false}
  isSmartWatch={false}
  isSmartWatchSimo={false}
  isUpgrade={false}
  monthlyPrice="51"
  packageId="fee83b9d-d084-4ae3-a198-9ff630665159"
  pageContent={
    Object {
      "category": "",
      "friendlyName": "basket",
      "id": 1494519820186,
      "isBreadcrumbDisplayable": "No",
      "links_tracker": Array [],
      "name": "WebShop-Basket",
      "parents": Array [],
      "vf_MetaDescription": "Basket",
      "vf_Modules": Object {
        "basket_esim": Object {
          "content": Object {
            "basket_esim_device_upgrade": Object {
              "acceptCTA": "eSIM",
              "bodyText": "If you currently have a physical SIM and would like to swap to an eSIM, when you receive your new device please follow the instructions on our ",
              "featureLoading": "SIM swap help page.",
              "friendlyName": "basket_esim_device_upgrade",
              "header": "Information about swapping to an eSIM",
              "id": 1595424588744,
              "name": "basket_esim_device_upgrade",
              "parents": Array [],
              "type": "info",
            },
            "basket_esim_get_sim": Object {
              "acceptCTA": "Get an eSIM",
              "bodyText": "After the order has been dispatched, an email with next steps and how to setup your eSIM will be sent to you.",
              "friendlyName": "basket_esim_get_sim",
              "header": "Information about your eSIM",
              "id": 1523377493037,
              "name": "basket_esim_get_sim",
              "parents": Array [],
            },
            "basket_esim_get_sim_compatible": Object {
              "acceptCTA": "Get an eSIM",
              "bodyText": "Make sure your device is eSIM compatible. After the order has been placed, an email with next steps on how to swap your SIM to eSIM will be send to you.
",
              "featureLoading": "See list of popular compatible eSIM device",
              "friendlyName": "basket_esim_get_sim_compatible",
              "header": "Is your device eSIM compatible",
              "id": 1523377817731,
              "name": "basket_esim_get_sim_compatible",
              "parents": Array [],
            },
            "basket_esim_info": Object {
              "acceptCTA": "eSIM",
              "bodyText": "After the order has been dispatched, an email with next steps and how to set up your eSIM will be sent to you.",
              "friendlyName": "basket_esim_info",
              "header": "Information about your eSIM",
              "id": 1523377494436,
              "name": "basket_esim_info",
              "parents": Array [],
            },
            "basket_esim_info_compatible": Object {
              "acceptCTA": "eSIM",
              "bodyText": "Please make sure that the device you are using is eSIM compatible. After the order has been placed, an email with next steps and how to connect your eSIM will be sent to you.
",
              "featureLoading": "See list of popular compatible eSIM device",
              "friendlyName": "basket_esim_info_compatible",
              "header": "Is your device eSIM compatible",
              "id": 1523377817471,
              "name": "basket_esim_info_compatible",
              "parents": Array [],
            },
            "basket_esim_simo_upgrade": Object {
              "acceptCTA": "eSIM",
              "bodyText": "If you currently have a physical SIM and would like to swap to an eSIM, when your upgrade is complete please follow the instructions on our ",
              "featureLoading": "SIM swap help page.",
              "friendlyName": "basket_esim_simo_upgrade",
              "header": "Information about swapping to an eSIM",
              "id": 1595424588336,
              "name": "basket_esim_simo_upgrade",
              "parents": Array [],
              "type": "info",
            },
            "basket_keep_current_sim": Object {
              "acceptCTA": "Keep my current SIM",
              "friendlyName": "basket_keep_current_sim",
              "id": 1523377492883,
              "name": "basket_keep_current_sim",
              "parents": Array [],
            },
            "basket_sim_card": Object {
              "acceptCTA": "SIM card",
              "bodyText": "A sim card will be sent with your order",
              "friendlyName": "basket_sim_card",
              "id": 1523377493922,
              "name": "basket_sim_card",
              "parents": Array [],
            },
          },
          "friendlyName": "basket_esim",
          "header": "Choose your SIM",
          "id": 1523377491748,
          "name": "basket_esim",
          "parents": Array [],
        },
        "basket_esim_modal": Object {
          "additionalComponents": Array [],
          "friendlyName": "basket_esim_modal",
          "heading": "What is an eSIM?",
          "id": 1523377726881,
          "img": Array [],
          "mainCopy": "<div>
<p style=\\"margin-bottom: 8px color: #ff0000 font-size: 20px\\"><strong>What you need to know</strong></p>

<p>eSIM stands for embedded sim. This means that an eSIM device has a SIM card in it that can&#39t be removed. Hybrid devices or dual SIM devices can have one eSIM and one physical SIM.</p>

<p style=\\"margin-bottom: 8px color: #ff0000 font-size: 20px\\"><strong>How does an eSIM work?</strong></p>

<p>Instead of putting a physical SIM in your device like usual, you will need to download one. After selecting an eSIM you will be sent an email with instructions on how to set it up. The process of downloading and setting up an eSIM will vary depending on the device you have, make sure to read the instructions carefully.</p>

<p style=\\"margin-bottom: 8px color: #ff0000 font-size: 20px\\"><strong>Why get an eSIM?</strong></p>

<p>You may want to get an eSIM if you have multiple lines with us and want to use them on one device or you may want to switch your existing physical SIM to an eSIM if you want to get a local SIM while travelling.</p>

<p style=\\"margin-bottom: 8px color: #ff0000 font-size: 20px\\"><strong>Existing Vodafone customer?</strong></p>

<p style=\\"margin-bottom: 0\\"><strong>What if I already have a physical SIM?</strong></p>

<p>You will need to perform a SIM swap from your current SIM to an eSIM.</p>

<p><strong>For more information</strong>, check out our <a href=\\"https://support.vodafone.co.uk/Getting-started-and-upgrading/Activate-a-new-SIM/\\">SIM swap help pages</a></p>
</div>
",
          "moduleSubType": "Modal",
          "name": "basket_esim_modal",
          "parents": Array [],
        },
        "basket_pac_stac_content": Object {
          "additionalComponents": Array [],
          "friendlyName": "basket_pac_stac_content",
          "heading": "Joining us from another network?",
          "id": 1523378616075,
          "img": Array [],
          "mainCopy": "Bring your <strong>current number</strong> to Vodafone <strong>with a PAC code,</strong> or get a <strong>new number</strong> with a <strong>STAC code</strong>.
<br />
<span style=\\"font-size:14px\\">
  <strong>Switching is quick, simple</strong> and can be done <strong>now </strong>or <strong>after your purchase</strong>.
</span>",
          "moduleSubType": "message",
          "name": "basket_pac_stac_content",
          "parents": Array [],
        },
        "basket_router_delivery_information": Object {
          "friendlyName": "basket_router_delivery_information",
          "id": 1523375677866,
          "mainTitle": "Delivery Date",
          "name": "basket_router_delivery_information",
          "parents": Array [],
          "subTitle": "Your equipment will be delivered 3 days before your installation date which can be selected when you proceed to checkout.",
        },
        "basket_tradeIn": Object {
          "device_label": "Your trade-in device",
          "expiry_date_label": "Expiry date",
          "friendlyName": "basket_tradeIn",
          "header_1": "What's next?",
          "header_2": "Your quote details",
          "id": 1595435276395,
          "name": "basket_tradeIn",
          "parents": Array [],
          "textContent": Array [
            "At checkout you’ll be asked how you’d like to return your eligible phone. You can either post it to us in a pre-paid envelope or drop it off in any of our stores.",
            "Once our warehouse has received your phone, we’ll transfer your phone’s price in the way you’ve chosen.",
            "If you chose a monthly saving, this will be applied straight away. If you chose bank transfer, the money will be with you in 5 to 10 working days. And if you chose trade-in credit, this will be added to your account automatically within 5 working days.",
            "Use it to pay for anything billed to that account early upgrade fees, Add-ons or broadband.",
            "Plus, your trade-in is backed-up by our price guarantee, meaning we won’t be beaten by any other mobile network’s standard trade-in offer or we’ll give you the difference back.",
          ],
          "title": "Your guaranteed trade-in",
          "unique_code_label": "Unique code",
        },
        "hbb_portfolio_refresh": Object {
          "content": Object {
            "hbb_portfolio_refersh_1year_apple_tv": Object {
              "bodyText": "1 year Apple TV + Subscription",
              "friendlyName": "hbb_portfolio_refersh_1year_apple_tv",
              "id": 1523378603648,
              "name": "hbb_portfolio_refersh_1year_apple_tv",
              "parents": Array [],
            },
            "hbb_portfolio_refersh_2pound_together_discount": Object {
              "bodyText": "Your £2 Vodafone Together discount will expire at the end of your initial contract.",
              "friendlyName": "hbb_portfolio_refersh_2pound_together_discount",
              "id": 1523378603106,
              "name": "hbb_portfolio_refersh_2pound_together_discount",
              "parents": Array [],
            },
            "hbb_portfolio_refersh_intelligent_wifi": Object {
              "bodyText": "Intelligent WiFi - automatically adjusts to give you the best signal",
              "friendlyName": "hbb_portfolio_refersh_intelligent_wifi",
              "id": 1523378602851,
              "name": "hbb_portfolio_refersh_intelligent_wifi",
              "parents": Array [],
            },
            "hbb_portfolio_refersh_no_price_rise": Object {
              "bodyText": "No price rises in contract",
              "friendlyName": "hbb_portfolio_refersh_no_price_rise",
              "id": 1523378602787,
              "name": "hbb_portfolio_refersh_no_price_rise",
              "parents": Array [],
            },
            "hbb_portfolio_refresh_outofcontract_price_rise": Object {
              "bodyText": "Please note, your monthly bill will increase by £3 a month after your initial contract.",
              "friendlyName": "hbb_portfolio_refresh_outofcontract_price_rise",
              "id": 1595425222340,
              "name": "hbb_portfolio_refresh_outofcontract_price_rise",
              "parents": Array [],
            },
          },
          "friendlyName": "hbb_portfolio_refresh",
          "id": 1523378604079,
          "name": "hbb_portfolio_refresh",
          "parents": Array [],
        },
        "lionheart_basket_banner": Object {
          "buttonValue": "Add Home Broadband",
          "content": Array [],
          "friendlyName": "lionheart_basket_banner",
          "headerText": "Build your Vodafone Together deal",
          "htmlBlock": "You will save £3 a month on Home Broadband when combined 
with a 18-month SIM Only plan
",
          "id": 1523378822930,
          "name": "Lionheart Basket Banner",
          "parents": Array [],
          "primaryImg": Object {
            "Polygon-background-white": Object {
              "desktopImage_bloblink_": "/en/assets/images/desktop/Polygon-background-white.jpg",
              "friendlyName": "Polygon-background-white",
              "id": 1480076165358,
              "mediumImage_bloblink_": "/en/assets/images/medium/Polygon-background-white.jpg",
              "name": "backgroundImage",
              "parents": Object {
                "Image_P:1480076234475": Object {
                  "id": 1480076234475,
                  "name": "Image Media",
                  "parents": Array [],
                },
              },
              "smallImage_bloblink_": "/en/assets/images/small/Polygon-background-white.jpg",
            },
          },
        },
        "lionheart_modal": Object {
          "buttonValue": "Add Home Broadband",
          "content": Array [],
          "friendlyName": "lionheart_modal",
          "headerText": "Build your Vodafone Together deal and start saving today",
          "id": 1523378818844,
          "linkText": "Continue to Basket",
          "name": "Lionheart Modal",
          "parents": Array [],
          "primaryImg": Object {
            "Polygon-background-white": Object {
              "desktopImage_bloblink_": "/en/assets/images/desktop/Polygon-background-white.jpg",
              "friendlyName": "Polygon-background-white",
              "id": 1480076165358,
              "mediumImage_bloblink_": "/en/assets/images/medium/Polygon-background-white.jpg",
              "name": "backgroundImage",
              "parents": Object {
                "Image_P:1480076234475": Object {
                  "id": 1480076234475,
                  "name": "Image Media",
                  "parents": Array [],
                },
              },
              "smallImage_bloblink_": "/en/assets/images/small/Polygon-background-white.jpg",
            },
          },
        },
        "messages": Object {
          "content": Object {
            "030010": Object {
              "bodyText": "Device Care",
              "friendlyName": "030010",
              "id": 1595423258782,
              "name": "030010",
              "parents": Array [],
            },
            "030030": Object {
              "bodyText": "£3.50pm off Smartwatch Connectivity Plan",
              "friendlyName": "030030",
              "id": 1595424809766,
              "name": "030030",
              "parents": Array [],
            },
            "030030_Business": Object {
              "bodyText": "£3.50pm off Smartwatch Connectivity Plan †",
              "friendlyName": "030030_Business",
              "id": 1595434664325,
              "name": "030030_Business",
              "parents": Array [],
            },
            "030040": Object {
              "bodyText": "3x Unlimited Data Booster",
              "friendlyName": "030040",
              "id": 1595423258316,
              "name": "030040",
              "parents": Array [],
            },
            "030050": Object {
              "bodyText": "6x Unlimited Data Booster",
              "friendlyName": "030050",
              "id": 1595424809283,
              "name": "030050",
              "parents": Array [],
            },
            "30041": Object {
              "bodyText": "6x Unlimited Data Booster",
              "friendlyName": "30041",
              "id": 1595423258515,
              "name": "30041",
              "parents": Array [],
            },
            "MAX_10_MBPS": Object {
              "bodyText": "Speed: Maximum download of 10 Mbps",
              "friendlyName": "MAX_10_MBPS",
              "id": 1523382342615,
              "name": "MAX_10_MBPS",
              "parents": Array [],
            },
            "MAX_2_MBPS": Object {
              "bodyText": "Speed: Maximum download of 2 Mbps",
              "friendlyName": "MAX_2_MBPS",
              "id": 1523382342559,
              "name": "MAX_2_MBPS",
              "parents": Array [],
            },
            "MAX_AVAILABLE": Object {
              "bodyText": "Speed: fastest available",
              "friendlyName": "MAX_AVAILABLE",
              "id": 1523382342503,
              "name": "MAX_AVAILABLE",
              "parents": Array [],
            },
            "ROAMING_AIRTIME_BENEFIT": Object {
              "bodyText": "Inclusive roaming in {param} destinations
",
              "friendlyName": "ROAMING_AIRTIME_BENEFIT",
              "id": 1595440471436,
              "name": "ROAMING_AIRTIME_BENEFIT",
              "parents": Array [],
            },
            "RPI_withoutVAT": Object {
              "bodyText": "Monthly price shown plus all out of bundle charges will increase by the Consumer Price Index rate published in January of that year + an additional 3.9%.  If you have a Device Plan, this will not affect your monthly Device Price. Terms apply. See vodafone.co.uk/pricechanges for details.",
              "friendlyName": "RPI_withoutVAT",
              "id": 1595436589240,
              "name": "RPI_withoutVAT",
              "parents": Array [],
            },
            "SMALL_BUSINESS_BASKET_FOOTER": Object {
              "bodyText": "† Prices shown include VAT unless otherwise stated, the VAT rate payable is 20% where standard VAT rate applies. Other terms apply, see vodafone.co.uk/terms-and-conditions for details.",
              "friendlyName": "SMALL_BUSINESS_BASKET_FOOTER",
              "id": 1595438822772,
              "name": "SMALL_BUSINESS_BASKET_FOOTER",
              "parents": Array [],
            },
            "basket_bingo_subtotal_footer": Object {
              "bodyText": "Your monthly bill will decrease once you have made all your {param} repayments unless you upgrade to a new {param}.",
              "friendlyName": "basket_bingo_subtotal_footer",
              "id": 1595424634785,
              "name": "basket_bingo_subtotal_footer",
              "parents": Array [],
            },
            "basket_label_apr": Object {
              "bodyText": "APR",
              "friendlyName": "basket_label_apr",
              "id": 1595423256022,
              "name": "basket_label_apr",
              "parents": Array [],
            },
            "basket_label_creditor": Object {
              "bodyText": "Creditor",
              "friendlyName": "basket_label_creditor",
              "id": 1523376097875,
              "name": "basket_label_creditor",
              "parents": Array [],
            },
            "basket_label_interest_rate": Object {
              "bodyText": "Interest rate (fixed)",
              "friendlyName": "basket_label_interest_rate",
              "id": 1523376096297,
              "name": "basket_label_interest_rate",
              "parents": Array [],
            },
            "basket_label_length_of_contract": Object {
              "bodyText": "Length of contract",
              "friendlyName": "basket_label_length_of_contract",
              "id": 1523376097643,
              "name": "basket_label_length_of_contract",
              "parents": Array [],
            },
            "basket_label_modal_footer": Object {
              "bodyText": "Authorised and regulated by the Financial Conduct Authority
(Authorisation number 712210).",
              "friendlyName": "basket_label_modal_footer",
              "id": 1523376114139,
              "name": "basket_label_modal_footer",
              "parents": Array [],
            },
            "basket_label_modal_header": Object {
              "bodyText": "Interest-free Financing",
              "friendlyName": "basket_label_modal_header",
              "id": 1523376113697,
              "name": "basket_label_modal_header",
              "parents": Array [],
            },
            "basket_label_monthly_cost": Object {
              "bodyText": "Monthly cost",
              "friendlyName": "basket_label_monthly_cost",
              "id": 1523376098130,
              "name": "basket_label_monthly_cost",
              "parents": Array [],
            },
            "basket_label_plan_type": Object {
              "bodyText": "Plan type",
              "friendlyName": "basket_label_plan_type",
              "id": 1523376098251,
              "name": "basket_label_plan_type",
              "parents": Array [],
            },
            "basket_label_total_credit_amount": Object {
              "bodyText": "Total credit amount",
              "friendlyName": "basket_label_total_credit_amount",
              "id": 1523376097357,
              "name": "basket_label_total_credit_amount",
              "parents": Array [],
            },
            "basket_label_total_monthly_cost": Object {
              "bodyText": "Total monthly cost",
              "friendlyName": "basket_label_total_monthly_cost",
              "id": 1523376098705,
              "name": "basket_label_total_monthly_cost",
              "parents": Array [],
            },
            "basket_label_total_package_cost": Object {
              "bodyText": "Total package cost (minus any add-ons)",
              "friendlyName": "basket_label_total_package_cost",
              "id": 1523376101086,
              "name": "basket_label_total_package_cost",
              "parents": Array [],
            },
            "basket_label_total_phone_cost": Object {
              "bodyText": "Total {param} cost",
              "friendlyName": "basket_label_total_phone_cost",
              "id": 1523376095000,
              "name": "basket_label_total_phone_cost",
              "parents": Array [],
            },
            "basket_label_upfront_cost": Object {
              "bodyText": "Upfront cost",
              "friendlyName": "basket_label_upfront_cost",
              "id": 1523376095240,
              "name": "basket_label_upfront_cost",
              "parents": Array [],
            },
            "basket_label_your_airtime_plan": Object {
              "bodyText": "Your {param} Plan",
              "friendlyName": "basket_label_your_airtime_plan",
              "id": 1523376100768,
              "name": "basket_label_your_airtime_plan",
              "parents": Array [],
            },
            "basket_label_your_device_plan": Object {
              "bodyText": "Your {param} Plan",
              "friendlyName": "basket_label_your_device_plan",
              "id": 1523376100574,
              "name": "basket_label_your_device_plan",
              "parents": Array [],
            },
            "chosen_connect": Object {
              "bodyText": "You've chosen to connect this smart watch to this mobile number.",
              "friendlyName": "chosen_connect",
              "id": 1595422494167,
              "name": "chosen_connect",
              "parents": Array [],
            },
            "connectivity_plan": Object {
              "bodyText": "Connectivity Plan shares data, texts & minutes with your Airtime Plan.",
              "friendlyName": "connectivity_plan",
              "id": 1595422493310,
              "name": "connectivity_plan",
              "parents": Array [],
            },
            "flexi_upgrade_fee": Object {
              "bodyText": "This fee is based on your current phone’s value and the remaining time left on your contract. If the phone you have ordered is not yet in stock, the final fee will be calculated on the day your new phone is dispatched.",
              "friendlyName": "flexi_upgrade_fee",
              "id": 1523382172998,
              "name": "flexi_upgrade_fee",
              "parents": Array [],
            },
            "freedom_benefits": Object {
              "friendlyName": "freedom_benefits",
              "id": 1595442075679,
              "mainTitle": "Freedom Benefits",
              "name": "freedom_benefits",
              "parents": Array [],
              "subLinks": Array [
                "With unlimited calls and texts",
                "30-day subscription",
                "VeryMe Rewards",
              ],
            },
            "number_associated_watch": Object {
              "bodyText": "Number associated with the watch:",
              "friendlyName": "number_associated_watch",
              "id": 1595422494119,
              "name": "number_associated_watch",
              "parents": Array [],
            },
            "package_footer": Object {
              "bodyText": "*Includes time-limited discounts. The price you pay will increase during your contract.",
              "friendlyName": "package_footer",
              "id": 1523382342854,
              "name": "package_footer",
              "parents": Array [],
            },
            "rpi": Object {
              "bodyText": "† Prices shown include VAT unless otherwise stated, the VAT rate payable is 20% where standard VAT rate applies. Monthly price shown plus all out of bundle charges will increase by the Consumer Price Index rate published in January of that year + an additional 3.9%. If you have a Device Plan, this will not affect your monthly Device Plan. Adjusted amount from your April bill. Terms apply. See vodafone.co.uk/pricechanges for details.",
              "friendlyName": "rpi",
              "id": 1494514040779,
              "name": "rpi",
              "parents": Array [],
            },
          },
          "friendlyName": "messages",
          "id": 1494514040736,
          "name": "messages",
          "parents": Array [],
        },
        "notifications": Object {
          "content": Object {
            "AIRTIME_DEVICE_MISMATCH": Object {
              "acceptCTA": "See Airtime plans",
              "bodyText": "You'll need to choose a different Airtime plan to continue.",
              "friendlyName": "AIRTIME_DEVICE_MISMATCH",
              "header": "Your phone and your Airtime plan don't match.",
              "id": 1523377419432,
              "name": "AIRTIME_DEVICE_MISMATCH",
              "parents": Array [],
            },
            "BASKET_LOAN_CAP": Object {
              "bodyText": "You'll need to remove any additional Phone Plans or Watch Plans to continue. You can use the Remove Package buttons to do this.",
              "friendlyName": "BASKET_LOAN_CAP",
              "header": "You can only purchase one Phone Plan and one Watch Plan at a time.",
              "id": 1595424152976,
              "name": "BASKET_LOAN_CAP",
              "parents": Array [],
              "type": "info",
            },
            "BASKET_PHONE_CAP": Object {
              "bodyText": "You'll need to remove any additional Phone Plans to continue. You can use the Remove Package buttons to do this.",
              "friendlyName": "BASKET_PHONE_CAP",
              "header": "You can only purchase one Phone Plan at a time.",
              "id": 1595424152735,
              "name": "BASKET_PHONE_CAP",
              "parents": Array [],
              "type": "info",
            },
            "BASKET_WATCH_CAP": Object {
              "bodyText": "You'll need to remove any additional Watch Plans to continue. You can use the Remove Package buttons to do this.",
              "friendlyName": "BASKET_WATCH_CAP",
              "header": "You can only purchase one Watch Plan at a time.",
              "id": 1595424152902,
              "name": "BASKET_WATCH_CAP",
              "parents": Array [],
              "type": "info",
            },
            "BSKT_INVALID_INPUT_001": Object {
              "bodyText": "Unfortunately you have already submitted your basket, so you must proceed back to the checkout.",
              "friendlyName": "BSKT_INVALID_INPUT_001",
              "header": "Something went wrong.",
              "id": 1494519821049,
              "name": "BSKT_INVALID_INPUT_001",
              "parents": Array [],
            },
            "BSKT_INVALID_INPUT_037": Object {
              "bodyText": "You'll need to remove the Pay as You Go or Pay Monthly package to continue. You can use the Remove Package buttons to do this.",
              "friendlyName": "BSKT_INVALID_INPUT_037",
              "header": "You cannot have Pay as You Go and Pay Monthly packages in the same Basket.",
              "id": 1595438904151,
              "name": "BSKT_INVALID_INPUT_037",
              "parents": Array [],
              "type": "info",
            },
            "BSKT_INVALID_INPUT_042": Object {
              "bodyText": "Please reduce the quantity in your Basket to continue. For larger orders, please call us on 08080 408 408.
",
              "friendlyName": "BSKT_INVALID_INPUT_042",
              "header": "You can buy up to 5 business items online. ",
              "id": 1595441567736,
              "name": "BSKT_INVALID_INPUT_042",
              "parents": Array [],
              "type": "info",
            },
            "BSKT_INVALID_INPUT_047": Object {
              "bodyText": "It looks like the plan you tried adding to your basket is incompatible or not valid. Please try again. If the problem persists, please contact customer support. We are sorry for any inconvenience.",
              "friendlyName": "BSKT_INVALID_INPUT_047",
              "header": "This plan could not be added to your basket.",
              "id": 1494514287774,
              "name": "BSKT_INVALID_INPUT_047",
              "parents": Array [],
            },
            "BSKT_INVALID_INPUT_068": Object {
              "bodyText": "You can only apply one promotional code at a time, and this must be a code that hasn’t already been redeemed. Please try again or contact customer support.",
              "friendlyName": "BSKT_INVALID_INPUT_068",
              "header": "Uh-oh, something went wrong.",
              "id": 1595430424259,
              "name": "BSKT_INVALID_INPUT_068",
              "parents": Array [],
              "type": "info",
            },
            "DEMO_ERROR_MESSAGE": Object {
              "acceptCTA": "Home",
              "bodyText": "<p>Demo copy&nbsp</p>
",
              "ctaURL": "www.vodafone.co.uk",
              "declineCTA": "Forward",
              "featureNotAvailable": "xyz.com",
              "friendlyName": "DEMO_ERROR_MESSAGE",
              "header": "You can only purchase 100x Plans at a time.",
              "id": 1595439614233,
              "name": "DEMO_ERROR_MESSAGE",
              "parents": Array [],
              "type": "info",
            },
            "Err_Vou_001": Object {
              "bodyText": "The promotional code you entered isn’t valid. Please try again or contact customer support.",
              "friendlyName": "Err_Vou_001",
              "header": "Uh-oh, something went wrong.",
              "id": 1595430424656,
              "name": "Err_Vou_001",
              "parents": Array [],
              "type": "info",
            },
            "Err_Vou_002": Object {
              "bodyText": "The promotional code you entered has already been redeemed, or is currently being applied to another basket you’ve created. Please check and try again or contact customer support.",
              "friendlyName": "Err_Vou_002",
              "header": "Uh-oh, something went wrong.",
              "id": 1595430425050,
              "name": "Err_Vou_002",
              "parents": Array [],
              "type": "info",
            },
            "Err_Vou_003": Object {
              "bodyText": "The promotional code you entered isn’t valid for this package, or a better discount has already been applied. ",
              "friendlyName": "Err_Vou_003",
              "header": "Uh-oh, something went wrong.",
              "id": 1595430425431,
              "name": "Err_Vou_003",
              "parents": Array [],
              "type": "info",
            },
            "Err_Vou_004": Object {
              "bodyText": "The promotional code you entered has expired.  Please try again with a valid code or contact customer support.",
              "friendlyName": "Err_Vou_004",
              "header": "Uh-oh, something went wrong.",
              "id": 1595432870002,
              "name": "Err_Vou_004",
              "parents": Array [],
              "type": "info",
            },
            "LOAN_DECLINE_CHECKOUT_HANDSET_ONLY": Object {
              "bodyText": "Still want to buy the device? Amend your order to create an agreement which is more suitable.",
              "friendlyName": "LOAN_DECLINE_CHECKOUT_HANDSET_ONLY",
              "header": "You've declined the agreement",
              "id": 1595435787302,
              "name": "LOAN_DECLINE_CHECKOUT_HANDSET_ONLY",
              "parents": Array [],
              "type": "info",
            },
            "LOAN_DECLINE_CHECKOUT_HANDSET_WATCH": Object {
              "bodyText": "Amend your order to create an agreement that's more suitable. Note: you can't buy a smartwatch without a compatible phone, so you won't be able to continue if you remove the phone from your order.",
              "friendlyName": "LOAN_DECLINE_CHECKOUT_HANDSET_WATCH",
              "header": "You've declined the Phone Plan agreement",
              "id": 1595435793848,
              "name": "LOAN_DECLINE_CHECKOUT_HANDSET_WATCH",
              "parents": Array [],
              "type": "info",
            },
            "LOAN_DECLINE_CHECKOUT_WATCH_HANDSET": Object {
              "bodyText": "Amend your order to create an agreement that's more suitable. If you've changed your mind, remove the smartwatch from your order and continue with just the phone.",
              "friendlyName": "LOAN_DECLINE_CHECKOUT_WATCH_HANDSET",
              "header": "You've declined the Watch Plan agreement",
              "id": 1595435796555,
              "name": "LOAN_DECLINE_CHECKOUT_WATCH_HANDSET",
              "parents": Array [],
              "type": "info",
            },
            "LOAN_DECLINE_CHECKOUT_WATCH_ONLY": Object {
              "bodyText": "Still want to buy the device? Amend your order to create an agreement which is more suitable.",
              "friendlyName": "LOAN_DECLINE_CHECKOUT_WATCH_ONLY",
              "header": "You've declined the agreement",
              "id": 1595435791344,
              "name": "LOAN_DECLINE_CHECKOUT_WATCH_ONLY",
              "parents": Array [],
              "type": "info",
            },
            "LOAN_INVALID_DURATION": Object {
              "acceptCTA": "Change my plan length",
              "bodyText": "You must choose a plan length between 3 and 36 months.",
              "friendlyName": "LOAN_INVALID_DURATION",
              "header": "Something isn't right with the length of your Phone plan.",
              "id": 1523377420047,
              "name": "LOAN_INVALID_DURATION",
              "parents": Array [],
            },
            "LOAN_INVALID_UPFRONT_COST": Object {
              "acceptCTA": "Change my upfront cost",
              "bodyText": "You need to change your upfront cost.",
              "friendlyName": "LOAN_INVALID_UPFRONT_COST",
              "header": "Something isn't right with your upfront payment amount.",
              "id": 1523377419850,
              "name": "LOAN_INVALID_UPFRONT_COST",
              "parents": Array [],
            },
            "MAXIMUM_ALLOWED_LOANS": Object {
              "acceptCTA": "Pay-off a Device Plan",
              "bodyText": "In order to buy another device, you'll need to pay-off one of your Device Plan.",
              "friendlyName": "MAXIMUM_ALLOWED_LOANS",
              "header": "Looks like you've reached your limit of 10 Device Plans",
              "id": 1595422519970,
              "name": "MAXIMUM_ALLOWED_LOANS",
              "parents": Array [],
              "type": "info",
            },
            "MAXIMUM_CTNS_WITH_CONCURRENT_LOANS": Object {
              "acceptCTA": "Pay-off a Device Plan",
              "bodyText": "You already have two phone numbers in use with two Device Plans. You'll need to pay off a Device Plan on one of these phone numbers before you take out another.",
              "friendlyName": "MAXIMUM_CTNS_WITH_CONCURRENT_LOANS",
              "header": "Looks like you've reached a Device Plan limit",
              "id": 1595422522063,
              "name": "MAXIMUM_CTNS_WITH_CONCURRENT_LOANS",
              "parents": Array [],
              "type": "info",
            },
            "MAXIMUM_LENDING_LIMIT": Object {
              "acceptCTA": "Pay-off a Device Plan",
              "bodyText": "You've reached your maximum spending limit allowed on your account.",
              "friendlyName": "MAXIMUM_LENDING_LIMIT",
              "header": "Looks like you've reached your maximum spending limit",
              "id": 1595422524467,
              "name": "MAXIMUM_LENDING_LIMIT",
              "parents": Array [],
              "type": "info",
            },
            "MAXIMUM_LOANS_FOR_CTN": Object {
              "acceptCTA": "Pay-off a Device Plan",
              "bodyText": "You already have two phone numbers in use with two Device Plans. You'll need to pay off a Device Plan on one of these phone numbers before you take out another.",
              "friendlyName": "MAXIMUM_LOANS_FOR_CTN",
              "header": "Looks like you've reached a Device Plan limit",
              "id": 1595422520247,
              "name": "MAXIMUM_LOANS_FOR_CTN",
              "parents": Array [],
              "type": "info",
            },
            "MAX_LOAN_LIMIT_REACHED": Object {
              "acceptCTA": "Pay-off a device plan",
              "bodyText": "To buy another device, you'll need to pay-off one of your existing Device Plans. Or you can buy any other items by removing the Phone Plan or Watch Plan from your basket and continuing to checkout.",
              "ctaURL": "/webcenter/portal/myvodafone/usagepayments/deviceplan",
              "friendlyName": "MAX_LOAN_LIMIT_REACHED",
              "header": "Looks like you've reached your limits of 10 Device Plans",
              "id": 1523382374470,
              "name": "MAX_LOAN_LIMIT_REACHED",
              "parents": Array [],
              "type": "info",
            },
            "MAX_SB_PLANS_EXCEEDED": Object {
              "bodyText": "You'll need to remove any additional Plans to continue. You can use the Remove Package buttons to do this.
",
              "friendlyName": "MAX_SB_PLANS_EXCEEDED",
              "header": "You can only purchase 2x Plans at a time.",
              "id": 1595439417974,
              "name": "MAX_SB_PLANS_EXCEEDED",
              "parents": Array [],
              "type": "info",
            },
            "REPAYMENT_ISSUES": Object {
              "acceptCTA": "Log into my account",
              "bodyText": "In order to buy another device Plan, you'll need to pay-off your existing Device Plan.",
              "friendlyName": "REPAYMENT_ISSUES",
              "header": "Looks like you're in debt collections",
              "id": 1595422523670,
              "name": "REPAYMENT_ISSUES",
              "parents": Array [],
              "type": "info",
            },
            "SUBCATEGORY_LOAN_NONLOAN_MIX_HANDSET": Object {
              "bodyText": "You have packages for sole traders and packages for limited companies and partnerships in your basket – you can’t buy both. Please remove any that aren’t for your type of business.",
              "friendlyName": "SUBCATEGORY_LOAN_NONLOAN_MIX_HANDSET",
              "header": "You need to remove some items from your basket.",
              "id": 1595439415243,
              "name": "SUBCATEGORY_LOAN_NONLOAN_MIX_HANDSET",
              "parents": Array [],
              "type": "info",
            },
            "SUBCATEGORY_LOAN_NON_LOAN_MIX_WATCH": Object {
              "bodyText": "You have packages for sole traders and packages for limited companies and partnerships in your basket – you can’t buy both. Please remove any that aren’t for your type of business. ",
              "friendlyName": "SUBCATEGORY_LOAN_NON_LOAN_MIX_WATCH",
              "header": "You need to remove some items from your basket.",
              "id": 1595439415714,
              "name": "SUBCATEGORY_LOAN_NON_LOAN_MIX_WATCH",
              "parents": Array [],
              "type": "info",
            },
            "SUBCATEGORY_SMALLBUSINESS_INELIGIBLE_HANDSET": Object {
              "bodyText": "You’re logged in as a sole trader but have added a package only available to limited companies and partnerships. Please remove it to continue.",
              "friendlyName": "SUBCATEGORY_SMALLBUSINESS_INELIGIBLE_HANDSET",
              "header": "You need to remove some items from your basket.",
              "id": 1595439417393,
              "name": "SUBCATEGORY_SMALLBUSINESS_INELIGIBLE_HANDSET",
              "parents": Array [],
              "type": "info",
            },
            "SUBCATEGORY_SOLETRADER_INELIGIBLE_LOAN_PHONE": Object {
              "bodyText": "You’re logged in as a limited company or partnership, but have added a Vodafone EVO for Sole Traders package. Please remove it to continue.",
              "friendlyName": "SUBCATEGORY_SOLETRADER_INELIGIBLE_LOAN_PHONE",
              "header": "You need to remove some items from your basket.",
              "id": 1595439416335,
              "name": "SUBCATEGORY_SOLETRADER_INELIGIBLE_LOAN_PHONE",
              "parents": Array [],
              "type": "info",
            },
            "SUBCATEGORY_SOLETRADER_INELIGIBLE_LOAN_WATCH": Object {
              "bodyText": "You’re logged in as a limited company or partnership, but have added a Vodafone EVO for Sole Traders package. Please remove it to continue.",
              "friendlyName": "SUBCATEGORY_SOLETRADER_INELIGIBLE_LOAN_WATCH",
              "header": "You need to remove some items from your basket.",
              "id": 1595439417127,
              "name": "SUBCATEGORY_SOLETRADER_INELIGIBLE_LOAN_WATCH",
              "parents": Array [],
              "type": "info",
            },
            "TRADEIN_QUOTE_EXP": Object {
              "acceptCTA": "Get new code",
              "bodyText": "To trade in this phone, you'll need to complete our Trade-in Tool checks again to get a new code.
",
              "friendlyName": "TRADEIN_QUOTE_EXP",
              "header": "Your trade-in code has expired",
              "id": 1595435138907,
              "name": "TRADEIN_QUOTE_EXP",
              "parents": Array [],
              "type": "info",
            },
            "basket_airtime_plan": Object {
              "acceptCTA": "See Airtime plans",
              "bodyText": "In order to purchase a phone, you'll need to choose an Airtime Plan.",
              "friendlyName": "basket_airtime_plan",
              "header": "It looks like you haven't added an Airtime Plan.",
              "id": 1523377419324,
              "name": "basket_airtime_plan",
              "parents": Array [],
            },
            "basket_airtime_plan_length": Object {
              "acceptCTA": "See Airtime plans",
              "bodyText": "As your Phone plan is more than 12 months, you must add a 24-month Airtime plan.",
              "friendlyName": "basket_airtime_plan_length",
              "header": "Something isn't right with your Airtime plan length.",
              "id": 1523377420156,
              "name": "basket_airtime_plan_length",
              "parents": Array [],
            },
            "basket_limited_company_partnership": Object {
              "acceptCTA": "Contact us",
              "bodyText": "Please chat with us online or call us for free from any UK landline or mobile on 0808 800 800.",
              "declineCTA": "Continue as a sole trader",
              "friendlyName": "basket_limited_company_partnership",
              "header": "Are you buying for a Limited Company or a Partnership?",
              "id": 1523377420277,
              "name": "basket_limited_company_partnership",
              "parents": Array [],
            },
          },
          "friendlyName": "notifications",
          "id": 1494519821380,
          "name": "notifications",
          "parents": Array [],
        },
        "popular_esim_devices": Object {
          "content": Object {
            "apple_list": Object {
              "friendlyName": "apple_list",
              "id": 1523382201940,
              "mainTitle": "Apple",
              "name": "apple_list",
              "parents": Array [],
              "subLinks": Array [
                "iPhone 12",
                "iPhone 12 Mini",
                "iPhone 12 Pro",
                "iPhone 12 Pro Max",
                "iPhone 11",
                "iPhone 11 Pro",
                "iPhone 11 Pro Max",
                "iPhone XR",
                "iPhone XS",
                "iPhone XS Max",
              ],
            },
            "google_list": Object {
              "friendlyName": "google_list",
              "id": 1523382503210,
              "mainTitle": "Google",
              "name": "google_list",
              "parents": Array [],
              "subLinks": Array [
                "Google Pixel 5",
                "Google Pixel 4a 5G",
                "Google Pixel 4a",
                "Google Pixel 4 4G",
                "Google Pixel 3a",
              ],
            },
            "samsung_list": Object {
              "friendlyName": "samsung_list",
              "id": 1523382502879,
              "mainTitle": "Samsung",
              "name": "samsung_list",
              "parents": Array [],
              "subLinks": Array [
                "Samsung Galaxy S20+ 4G",
                "Samsung Galaxy S20+ 5G",
                "Samsung Galaxy S20 4G",
                "Samsung Galaxy S20 5G",
                "Samsung Galaxy S20 Ultra 5G",
                "Samsung Galaxy S21 5G",
                "Samsung Galaxy S21+ 5G",
                "Samsung Galaxy S21 Ultra 5G",
              ],
            },
          },
          "friendlyName": "popular_esim_devices",
          "header": "Popular eSIM devices",
          "id": 1523382201579,
          "name": "popular_esim_devices",
          "parents": Array [],
          "title": "Is my device compatible?",
        },
      },
      "vf_PageTitle": "Basket Summary",
      "vf_Robots": Array [
        "Index",
        "Follow",
      ],
      "vf_TealiumPageName": "wcs:shop:basket",
      "vf_enableGetinTouch": "False",
    }
  }
  subTitle="18-month Airtime Plan"
  title="8GB Red Entertainment plan"
  upfrontPrice="0"
/>
`;
